[2025-01-12T23:20:04.746+0700][gc,init] CardTable entry size: 512
[2025-01-12T23:20:04.746+0700][gc     ] Using G1
[2025-01-12T23:20:04.751+0700][gc,init] Version: 23.0.1+11 (release)
[2025-01-12T23:20:04.751+0700][gc,init] CPUs: 12 total, 12 available
[2025-01-12T23:20:04.751+0700][gc,init] Memory: 32768M
[2025-01-12T23:20:04.751+0700][gc,init] Large Page Support: Disabled
[2025-01-12T23:20:04.751+0700][gc,init] NUMA Support: Disabled
[2025-01-12T23:20:04.751+0700][gc,init] Compressed Oops: Enabled (Zero based)
[2025-01-12T23:20:04.751+0700][gc,init] Heap Region Size: 1M
[2025-01-12T23:20:04.751+0700][gc,init] Heap Min Capacity: 1G
[2025-01-12T23:20:04.751+0700][gc,init] Heap Initial Capacity: 1G
[2025-01-12T23:20:04.751+0700][gc,init] Heap Max Capacity: 1G
[2025-01-12T23:20:04.751+0700][gc,init] Pre-touch: Disabled
[2025-01-12T23:20:04.751+0700][gc,init] Parallel Workers: 10
[2025-01-12T23:20:04.751+0700][gc,init] Concurrent Workers: 3
[2025-01-12T23:20:04.751+0700][gc,init] Concurrent Refinement Workers: 10
[2025-01-12T23:20:04.751+0700][gc,init] Periodic GC: Disabled
[2025-01-12T23:20:04.757+0700][gc,metaspace] CDS archive(s) mapped at: [0x000000011e000000-0x000000011ed8f000-0x000000011ed8f000), size 14217216, SharedBaseAddress: 0x000000011e000000, ArchiveRelocationMode: 1.
[2025-01-12T23:20:04.758+0700][gc,metaspace] Compressed class space mapped at: 0x000000011f000000-0x000000015f000000, reserved size: 1073741824
[2025-01-12T23:20:04.758+0700][gc,metaspace] Narrow klass base: 0x000000011e000000, Narrow klass shift: 0, Narrow klass range: 0x100000000
[2025-01-12T23:20:29.946+0700][gc,heap,exit] Heap
[2025-01-12T23:20:29.946+0700][gc,heap,exit]  garbage-first heap   total reserved 1048576K, committed 1048576K, used 49268K [0x00000007c0000000, 0x0000000800000000)
[2025-01-12T23:20:29.946+0700][gc,heap,exit]   region size 1024K, 47 young (48128K), 0 survivors (0K)
[2025-01-12T23:20:29.946+0700][gc,heap,exit]  Metaspace       used 14982K, committed 15232K, reserved 1114112K
[2025-01-12T23:20:29.946+0700][gc,heap,exit]   class space    used 1864K, committed 1984K, reserved 1048576K
