[2025-01-09T22:51:33.024+0700][gc,init] CardTable entry size: 512
[2025-01-09T22:51:33.025+0700][gc     ] Using G1
[2025-01-09T22:51:33.030+0700][gc,init] Version: 23.0.1+11 (release)
[2025-01-09T22:51:33.030+0700][gc,init] CPUs: 12 total, 12 available
[2025-01-09T22:51:33.030+0700][gc,init] Memory: 32768M
[2025-01-09T22:51:33.030+0700][gc,init] Large Page Support: Disabled
[2025-01-09T22:51:33.030+0700][gc,init] NUMA Support: Disabled
[2025-01-09T22:51:33.030+0700][gc,init] Compressed Oops: Enabled (Zero based)
[2025-01-09T22:51:33.030+0700][gc,init] Heap Region Size: 1M
[2025-01-09T22:51:33.031+0700][gc,init] Heap Min Capacity: 1G
[2025-01-09T22:51:33.031+0700][gc,init] Heap Initial Capacity: 1G
[2025-01-09T22:51:33.031+0700][gc,init] Heap Max Capacity: 1G
[2025-01-09T22:51:33.031+0700][gc,init] Pre-touch: Disabled
[2025-01-09T22:51:33.031+0700][gc,init] Parallel Workers: 10
[2025-01-09T22:51:33.031+0700][gc,init] Concurrent Workers: 3
[2025-01-09T22:51:33.031+0700][gc,init] Concurrent Refinement Workers: 10
[2025-01-09T22:51:33.031+0700][gc,init] Periodic GC: Disabled
[2025-01-09T22:51:33.038+0700][gc,metaspace] CDS archive(s) mapped at: [0x0000000125000000-0x0000000125d8f000-0x0000000125d8f000), size 14217216, SharedBaseAddress: 0x0000000125000000, ArchiveRelocationMode: 1.
[2025-01-09T22:51:33.038+0700][gc,metaspace] Compressed class space mapped at: 0x0000000126000000-0x0000000166000000, reserved size: 1073741824
[2025-01-09T22:51:33.038+0700][gc,metaspace] Narrow klass base: 0x0000000125000000, Narrow klass shift: 0, Narrow klass range: 0x100000000
[2025-01-09T22:51:39.513+0700][gc,start    ] GC(0) Pause Young (Normal) (G1 Evacuation Pause)
[2025-01-09T22:51:39.514+0700][gc,task     ] GC(0) Using 10 workers of 10 for evacuation
[2025-01-09T22:51:39.519+0700][gc,phases   ] GC(0)   Pre Evacuate Collection Set: 0.15ms
[2025-01-09T22:51:39.519+0700][gc,phases   ] GC(0)   Merge Heap Roots: 0.10ms
[2025-01-09T22:51:39.519+0700][gc,phases   ] GC(0)   Evacuate Collection Set: 3.75ms
[2025-01-09T22:51:39.519+0700][gc,phases   ] GC(0)   Post Evacuate Collection Set: 0.69ms
[2025-01-09T22:51:39.519+0700][gc,phases   ] GC(0)   Other: 0.72ms
[2025-01-09T22:51:39.519+0700][gc,heap     ] GC(0) Eden regions: 51->0(44)
[2025-01-09T22:51:39.519+0700][gc,heap     ] GC(0) Survivor regions: 0->7(7)
[2025-01-09T22:51:39.519+0700][gc,heap     ] GC(0) Old regions: 2->4
[2025-01-09T22:51:39.519+0700][gc,heap     ] GC(0) Humongous regions: 0->0
[2025-01-09T22:51:39.519+0700][gc,metaspace] GC(0) Metaspace: 16976K(17216K)->16976K(17216K) NonClass: 14909K(15040K)->14909K(15040K) Class: 2066K(2176K)->2066K(2176K)
[2025-01-09T22:51:39.519+0700][gc          ] GC(0) Pause Young (Normal) (G1 Evacuation Pause) 52M->9M(1024M) 5.761ms
[2025-01-09T22:51:39.519+0700][gc,cpu      ] GC(0) User=0.02s Sys=0.01s Real=0.00s
[2025-01-09T22:51:39.833+0700][gc,start    ] GC(1) Pause Young (Concurrent Start) (Metadata GC Threshold)
[2025-01-09T22:51:39.833+0700][gc,task     ] GC(1) Using 10 workers of 10 for evacuation
[2025-01-09T22:51:39.838+0700][gc,phases   ] GC(1)   Pre Evacuate Collection Set: 0.18ms
[2025-01-09T22:51:39.838+0700][gc,phases   ] GC(1)   Merge Heap Roots: 0.08ms
[2025-01-09T22:51:39.838+0700][gc,phases   ] GC(1)   Evacuate Collection Set: 3.56ms
[2025-01-09T22:51:39.838+0700][gc,phases   ] GC(1)   Post Evacuate Collection Set: 0.45ms
[2025-01-09T22:51:39.838+0700][gc,phases   ] GC(1)   Other: 0.10ms
[2025-01-09T22:51:39.838+0700][gc,heap     ] GC(1) Eden regions: 16->0(49)
[2025-01-09T22:51:39.838+0700][gc,heap     ] GC(1) Survivor regions: 7->2(7)
[2025-01-09T22:51:39.838+0700][gc,heap     ] GC(1) Old regions: 4->11
[2025-01-09T22:51:39.838+0700][gc,heap     ] GC(1) Humongous regions: 0->0
[2025-01-09T22:51:39.838+0700][gc,metaspace] GC(1) Metaspace: 21253K(21504K)->21253K(21504K) NonClass: 18666K(18816K)->18666K(18816K) Class: 2587K(2688K)->2587K(2688K)
[2025-01-09T22:51:39.838+0700][gc          ] GC(1) Pause Young (Concurrent Start) (Metadata GC Threshold) 24M->10M(1024M) 4.669ms
[2025-01-09T22:51:39.838+0700][gc,cpu      ] GC(1) User=0.02s Sys=0.01s Real=0.00s
[2025-01-09T22:51:39.838+0700][gc          ] GC(2) Concurrent Mark Cycle
[2025-01-09T22:51:39.838+0700][gc,marking  ] GC(2) Concurrent Scan Root Regions
[2025-01-09T22:51:39.840+0700][gc,marking  ] GC(2) Concurrent Scan Root Regions 1.756ms
[2025-01-09T22:51:39.840+0700][gc,marking  ] GC(2) Concurrent Mark
[2025-01-09T22:51:39.840+0700][gc,marking  ] GC(2) Concurrent Mark From Roots
[2025-01-09T22:51:39.840+0700][gc,task     ] GC(2) Using 3 workers of 3 for marking
[2025-01-09T22:51:39.841+0700][gc,marking  ] GC(2) Concurrent Mark From Roots 1.605ms
[2025-01-09T22:51:39.841+0700][gc,marking  ] GC(2) Concurrent Preclean
[2025-01-09T22:51:39.841+0700][gc,marking  ] GC(2) Concurrent Preclean 0.033ms
[2025-01-09T22:51:39.842+0700][gc,start    ] GC(2) Pause Remark
[2025-01-09T22:51:39.843+0700][gc          ] GC(2) Pause Remark 11M->11M(1024M) 1.662ms
[2025-01-09T22:51:39.843+0700][gc,cpu      ] GC(2) User=0.00s Sys=0.00s Real=0.00s
[2025-01-09T22:51:39.843+0700][gc,marking  ] GC(2) Concurrent Mark 3.559ms
[2025-01-09T22:51:39.843+0700][gc,marking  ] GC(2) Concurrent Rebuild Remembered Sets and Scrub Regions
[2025-01-09T22:51:39.845+0700][gc,marking  ] GC(2) Concurrent Rebuild Remembered Sets and Scrub Regions 1.570ms
[2025-01-09T22:51:39.845+0700][gc,start    ] GC(2) Pause Cleanup
[2025-01-09T22:51:39.845+0700][gc          ] GC(2) Pause Cleanup 11M->11M(1024M) 0.040ms
[2025-01-09T22:51:39.845+0700][gc,cpu      ] GC(2) User=0.00s Sys=0.00s Real=0.00s
[2025-01-09T22:51:39.845+0700][gc,marking  ] GC(2) Concurrent Clear Claimed Marks
[2025-01-09T22:51:39.845+0700][gc,marking  ] GC(2) Concurrent Clear Claimed Marks 0.037ms
[2025-01-09T22:51:39.845+0700][gc,marking  ] GC(2) Concurrent Cleanup for Next Mark
[2025-01-09T22:51:39.849+0700][gc,marking  ] GC(2) Concurrent Cleanup for Next Mark 4.132ms
[2025-01-09T22:51:39.849+0700][gc          ] GC(2) Concurrent Mark Cycle 11.514ms
[2025-01-09T22:51:40.515+0700][gc,start    ] GC(3) Pause Young (Prepare Mixed) (G1 Evacuation Pause)
[2025-01-09T22:51:40.515+0700][gc,task     ] GC(3) Using 10 workers of 10 for evacuation
[2025-01-09T22:51:40.519+0700][gc,phases   ] GC(3)   Pre Evacuate Collection Set: 0.20ms
[2025-01-09T22:51:40.519+0700][gc,phases   ] GC(3)   Merge Heap Roots: 0.07ms
[2025-01-09T22:51:40.519+0700][gc,phases   ] GC(3)   Evacuate Collection Set: 2.84ms
[2025-01-09T22:51:40.519+0700][gc,phases   ] GC(3)   Post Evacuate Collection Set: 0.51ms
[2025-01-09T22:51:40.519+0700][gc,phases   ] GC(3)   Other: 0.10ms
[2025-01-09T22:51:40.519+0700][gc,heap     ] GC(3) Eden regions: 49->0(44)
[2025-01-09T22:51:40.519+0700][gc,heap     ] GC(3) Survivor regions: 2->7(7)
[2025-01-09T22:51:40.519+0700][gc,heap     ] GC(3) Old regions: 11->11
[2025-01-09T22:51:40.519+0700][gc,heap     ] GC(3) Humongous regions: 129->129
[2025-01-09T22:51:40.519+0700][gc,metaspace] GC(3) Metaspace: 32631K(32896K)->32631K(32896K) NonClass: 28979K(29120K)->28979K(29120K) Class: 3652K(3776K)->3652K(3776K)
[2025-01-09T22:51:40.519+0700][gc          ] GC(3) Pause Young (Prepare Mixed) (G1 Evacuation Pause) 188M->144M(1024M) 3.967ms
[2025-01-09T22:51:40.519+0700][gc,cpu      ] GC(3) User=0.03s Sys=0.00s Real=0.00s
[2025-01-09T22:51:40.643+0700][gc,start    ] GC(4) Pause Young (Mixed) (Metadata GC Threshold)
[2025-01-09T22:51:40.643+0700][gc,task     ] GC(4) Using 10 workers of 10 for evacuation
[2025-01-09T22:51:40.648+0700][gc,phases   ] GC(4)   Pre Evacuate Collection Set: 0.17ms
[2025-01-09T22:51:40.648+0700][gc,phases   ] GC(4)   Merge Heap Roots: 0.06ms
[2025-01-09T22:51:40.648+0700][gc,phases   ] GC(4)   Evacuate Collection Set: 4.01ms
[2025-01-09T22:51:40.648+0700][gc,phases   ] GC(4)   Post Evacuate Collection Set: 0.52ms
[2025-01-09T22:51:40.648+0700][gc,phases   ] GC(4)   Other: 0.09ms
[2025-01-09T22:51:40.648+0700][gc,heap     ] GC(4) Eden regions: 14->0(49)
[2025-01-09T22:51:40.648+0700][gc,heap     ] GC(4) Survivor regions: 7->2(7)
[2025-01-09T22:51:40.648+0700][gc,heap     ] GC(4) Old regions: 11->16
[2025-01-09T22:51:40.648+0700][gc,heap     ] GC(4) Humongous regions: 129->129
[2025-01-09T22:51:40.648+0700][gc,metaspace] GC(4) Metaspace: 35787K(36096K)->35787K(36096K) NonClass: 31712K(31872K)->31712K(31872K) Class: 4075K(4224K)->4075K(4224K)
[2025-01-09T22:51:40.648+0700][gc          ] GC(4) Pause Young (Mixed) (Metadata GC Threshold) 158M->145M(1024M) 5.140ms
[2025-01-09T22:51:40.648+0700][gc,cpu      ] GC(4) User=0.04s Sys=0.01s Real=0.00s
[2025-01-09T22:51:40.666+0700][gc,start    ] GC(5) Pause Young (Concurrent Start) (Metadata GC Threshold)
[2025-01-09T22:51:40.674+0700][gc,task     ] GC(5) Using 10 workers of 10 for evacuation
[2025-01-09T22:51:40.676+0700][gc,phases   ] GC(5)   Pre Evacuate Collection Set: 0.33ms
[2025-01-09T22:51:40.676+0700][gc,phases   ] GC(5)   Merge Heap Roots: 0.08ms
[2025-01-09T22:51:40.676+0700][gc,phases   ] GC(5)   Evacuate Collection Set: 1.06ms
[2025-01-09T22:51:40.676+0700][gc,phases   ] GC(5)   Post Evacuate Collection Set: 0.27ms
[2025-01-09T22:51:40.676+0700][gc,phases   ] GC(5)   Other: 0.16ms
[2025-01-09T22:51:40.676+0700][gc,heap     ] GC(5) Eden regions: 2->0(50)
[2025-01-09T22:51:40.676+0700][gc,heap     ] GC(5) Survivor regions: 2->1(7)
[2025-01-09T22:51:40.676+0700][gc,heap     ] GC(5) Old regions: 16->16
[2025-01-09T22:51:40.676+0700][gc,heap     ] GC(5) Humongous regions: 129->129
[2025-01-09T22:51:40.676+0700][gc,metaspace] GC(5) Metaspace: 36178K(36416K)->36178K(36416K) NonClass: 32050K(32192K)->32050K(32192K) Class: 4127K(4224K)->4127K(4224K)
[2025-01-09T22:51:40.676+0700][gc          ] GC(5) Pause Young (Concurrent Start) (Metadata GC Threshold) 147M->145M(1024M) 10.552ms
[2025-01-09T22:51:40.676+0700][gc          ] GC(6) Concurrent Mark Cycle
[2025-01-09T22:51:40.676+0700][gc,cpu      ] GC(5) User=0.03s Sys=0.00s Real=0.01s
[2025-01-09T22:51:40.676+0700][gc,marking  ] GC(6) Concurrent Scan Root Regions
[2025-01-09T22:51:40.678+0700][gc,marking  ] GC(6) Concurrent Scan Root Regions 1.450ms
[2025-01-09T22:51:40.678+0700][gc,marking  ] GC(6) Concurrent Mark
[2025-01-09T22:51:40.678+0700][gc,marking  ] GC(6) Concurrent Mark From Roots
[2025-01-09T22:51:40.678+0700][gc,task     ] GC(6) Using 3 workers of 3 for marking
[2025-01-09T22:51:40.690+0700][gc,marking  ] GC(6) Concurrent Mark From Roots 11.582ms
[2025-01-09T22:51:40.690+0700][gc,marking  ] GC(6) Concurrent Preclean
[2025-01-09T22:51:40.690+0700][gc,marking  ] GC(6) Concurrent Preclean 0.054ms
[2025-01-09T22:51:40.690+0700][gc,start    ] GC(6) Pause Remark
[2025-01-09T22:51:40.691+0700][gc          ] GC(6) Pause Remark 146M->146M(1024M) 1.503ms
[2025-01-09T22:51:40.691+0700][gc,cpu      ] GC(6) User=0.01s Sys=0.00s Real=0.00s
[2025-01-09T22:51:40.691+0700][gc,marking  ] GC(6) Concurrent Mark 13.415ms
[2025-01-09T22:51:40.691+0700][gc,marking  ] GC(6) Concurrent Rebuild Remembered Sets and Scrub Regions
[2025-01-09T22:51:40.695+0700][gc,marking  ] GC(6) Concurrent Rebuild Remembered Sets and Scrub Regions 3.460ms
[2025-01-09T22:51:40.695+0700][gc,start    ] GC(6) Pause Cleanup
[2025-01-09T22:51:40.695+0700][gc          ] GC(6) Pause Cleanup 147M->147M(1024M) 0.060ms
[2025-01-09T22:51:40.695+0700][gc,cpu      ] GC(6) User=0.00s Sys=0.00s Real=0.00s
[2025-01-09T22:51:40.695+0700][gc,marking  ] GC(6) Concurrent Clear Claimed Marks
[2025-01-09T22:51:40.695+0700][gc,marking  ] GC(6) Concurrent Clear Claimed Marks 0.040ms
[2025-01-09T22:51:40.695+0700][gc,marking  ] GC(6) Concurrent Cleanup for Next Mark
[2025-01-09T22:51:40.696+0700][gc,marking  ] GC(6) Concurrent Cleanup for Next Mark 1.201ms
[2025-01-09T22:51:40.696+0700][gc          ] GC(6) Concurrent Mark Cycle 20.016ms
[2025-01-09T22:52:58.990+0700][gc,heap,exit] Heap
[2025-01-09T22:52:58.990+0700][gc,heap,exit]  garbage-first heap   total reserved 1048576K, committed 1048576K, used 166394K [0x00000007c0000000, 0x0000000800000000)
[2025-01-09T22:52:58.990+0700][gc,heap,exit]   region size 1024K, 18 young (18432K), 1 survivors (1024K)
[2025-01-09T22:52:58.991+0700][gc,heap,exit]  Metaspace       used 38195K, committed 38528K, reserved 1114112K
[2025-01-09T22:52:58.991+0700][gc,heap,exit]   class space    used 4481K, committed 4608K, reserved 1048576K
